[    0.000000] Initializing cgroup subsys cpuset
[    0.000000] Initializing cgroup subsys cpu
[    0.000000] Initializing cgroup subsys cpuacct
[    0.000000] Linux version 4.4.0-141-generic (buildd@lcy01-amd64-027) (gcc version 5.4.0 20160609 (Ubuntu 5.4.0-6ubuntu1~16.04.10) ) #167-Ubuntu SMP Wed Dec 5 10:38:08 UTC 2018 (Ubuntu 4.4.0-141.167-generic 4.4.162)
[    0.000000] KERNEL supported cpus:
[    0.000000]   Intel GenuineIntel
[    0.000000]   AMD AuthenticAMD
[    0.000000]   NSC Geode by NSC
[    0.000000]   Cyrix CyrixInstead
[    0.000000]   Centaur CentaurHauls
[    0.000000]   Transmeta GenuineTMx86
[    0.000000]   Transmeta TransmetaCPU
[    0.000000]   UMC UMC UMC UMC
[    0.000000] x86/fpu: xstate_offset[2]:  576, xstate_sizes[2]:  256
[    0.000000] x86/fpu: Supporting XSAVE feature 0x01: 'x87 floating point registers'
[    0.000000] x86/fpu: Supporting XSAVE feature 0x02: 'SSE registers'
[    0.000000] x86/fpu: Supporting XSAVE feature 0x04: 'AVX registers'
[    0.000000] x86/fpu: Enabled xstate features 0x7, context size is 832 bytes, using 'standard' format.
[    0.000000] e820: BIOS-provided physical RAM map:
[    0.000000] BIOS-e820: [mem 0x0000000000000000-0x000000000009fbff] usable
[    0.000000] BIOS-e820: [mem 0x000000000009fc00-0x000000000009ffff] reserved
[    0.000000] BIOS-e820: [mem 0x00000000000f0000-0x00000000000fffff] reserved
[    0.000000] BIOS-e820: [mem 0x0000000000100000-0x000000007ffeffff] usable
[    0.000000] BIOS-e820: [mem 0x000000007fff0000-0x000000007fffffff] ACPI data
[    0.000000] BIOS-e820: [mem 0x00000000fec00000-0x00000000fec00fff] reserved
[    0.000000] BIOS-e820: [mem 0x00000000fee00000-0x00000000fee00fff] reserved
[    0.000000] BIOS-e820: [mem 0x00000000fffc0000-0x00000000ffffffff] reserved
[    0.000000] NX (Execute Disable) protection: active
[    0.000000] SMBIOS 2.5 present.
[    0.000000] e820: last_pfn = 0x7fff0 max_arch_pfn = 0x1000000
[    0.000000] MTRR: Disabled
[    0.000000] x86/PAT: MTRRs disabled, skipping PAT initialization too.
[    0.000000] CPU MTRRs all blank - virtualized system.
[    0.000000] x86/PAT: Configuration [0-7]: WB  WT  UC- UC  WB  WT  UC- UC  
[    0.000000] found SMP MP-table at [mem 0x0009fff0-0x0009ffff] mapped at [c009fff0]
[    0.000000] Scanning 1 areas for low memory corruption
[    0.000000] RAMDISK: [mem 0x3631a000-0x37184fff]
[    0.000000] ACPI: Early table checksum verification disabled
[    0.000000] ACPI: RSDP 0x00000000000E0000 000024 (v02 VBOX  )
[    0.000000] ACPI: XSDT 0x000000007FFF0030 00003C (v01 VBOX   VBOXXSDT 00000001 ASL  00000061)
[    0.000000] ACPI: FACP 0x000000007FFF00F0 0000F4 (v04 VBOX   VBOXFACP 00000001 ASL  00000061)
[    0.000000] ACPI: DSDT 0x000000007FFF0470 0021FF (v02 VBOX   VBOXBIOS 00000002 INTL 20100528)
[    0.000000] ACPI: FACS 0x000000007FFF0200 000040
[    0.000000] ACPI: FACS 0x000000007FFF0200 000040
[    0.000000] ACPI: APIC 0x000000007FFF0240 000054 (v02 VBOX   VBOXAPIC 00000001 ASL  00000061)
[    0.000000] ACPI: SSDT 0x000000007FFF02A0 0001CC (v01 VBOX   VBOXCPUT 00000002 INTL 20100528)
[    0.000000] 1155MB HIGHMEM available.
[    0.000000] 891MB LOWMEM available.
[    0.000000]   mapped low ram: 0 - 37bfe000
[    0.000000]   low ram: 0 - 37bfe000
[    0.000000] Zone ranges:
[    0.000000]   DMA      [mem 0x0000000000001000-0x0000000000ffffff]
[    0.000000]   Normal   [mem 0x0000000001000000-0x0000000037bfdfff]
[    0.000000]   HighMem  [mem 0x0000000037bfe000-0x000000007ffeffff]
[    0.000000] Movable zone start for each node
[    0.000000] Early memory node ranges
[    0.000000]   node   0: [mem 0x0000000000001000-0x000000000009efff]
[    0.000000]   node   0: [mem 0x0000000000100000-0x000000007ffeffff]
[    0.000000] Initmem setup node 0 [mem 0x0000000000001000-0x000000007ffeffff]
[    0.000000] Using APIC driver default
[    0.000000] ACPI: PM-Timer IO Port: 0x4008
[    0.000000] IOAPIC[0]: apic_id 1, version 32, address 0xfec00000, GSI 0-23
[    0.000000] ACPI: INT_SRC_OVR (bus 0 bus_irq 0 global_irq 2 dfl dfl)
[    0.000000] ACPI: INT_SRC_OVR (bus 0 bus_irq 9 global_irq 9 low level)
[    0.000000] Using ACPI (MADT) for SMP configuration information
[    0.000000] smpboot: Allowing 1 CPUs, 0 hotplug CPUs
[    0.000000] PM: Registered nosave memory: [mem 0x00000000-0x00000fff]
[    0.000000] PM: Registered nosave memory: [mem 0x0009f000-0x0009ffff]
[    0.000000] PM: Registered nosave memory: [mem 0x000a0000-0x000effff]
[    0.000000] PM: Registered nosave memory: [mem 0x000f0000-0x000fffff]
[    0.000000] e820: [mem 0x80000000-0xfebfffff] available for PCI devices
[    0.000000] Booting paravirtualized kernel on bare hardware
[    0.000000] clocksource: refined-jiffies: mask: 0xffffffff max_cycles: 0xffffffff, max_idle_ns: 7645519600211568 ns
[    0.000000] setup_percpu: NR_CPUS:8 nr_cpumask_bits:8 nr_cpu_ids:1 nr_node_ids:1
[    0.000000] PERCPU: Embedded 19 pages/cpu @f71c4000 s47436 r0 d30388 u77824
[    0.000000] Built 1 zonelists in Zone order, mobility grouping on.  Total pages: 521944
[    0.000000] Kernel command line: BOOT_IMAGE=/boot/vmlinuz-4.4.0-141-generic root=UUID=1fcf1ded-2dc3-40a5-a562-f1e6dbe028b1 ro console=tty1 console=ttyS0
[    0.000000] PID hash table entries: 4096 (order: 2, 16384 bytes)
[    0.000000] Dentry cache hash table entries: 131072 (order: 7, 524288 bytes)
[    0.000000] Inode-cache hash table entries: 65536 (order: 6, 262144 bytes)
[    0.000000] Initializing CPU#0
[    0.000000] Initializing HighMem for node 0 (00037bfe:0007fff0)
[    0.000000] Initializing Movable for node 0 (00000000:00000000)
[    0.000000] Memory: 2046460K/2096696K available (8052K kernel code, 778K rwdata, 3180K rodata, 952K init, 800K bss, 50236K reserved, 0K cma-reserved, 1183688K highmem)
[    0.000000] virtual kernel memory layout:
[    0.000000]     fixmap  : 0xfff15000 - 0xfffff000   ( 936 kB)
[    0.000000]     pkmap   : 0xffc00000 - 0xffe00000   (2048 kB)
[    0.000000]     vmalloc : 0xf83fe000 - 0xffbfe000   ( 120 MB)
[    0.000000]     lowmem  : 0xc0000000 - 0xf7bfe000   ( 891 MB)
[    0.000000]       .init : 0xc1bbe000 - 0xc1cac000   ( 952 kB)
[    0.000000]       .data : 0xc17dd3c4 - 0xc1bbc9c0   (3965 kB)
[    0.000000]       .text : 0xc1000000 - 0xc17dd3c4   (8052 kB)
[    0.000000] Checking if this processor honours the WP bit even in supervisor mode...Ok.
[    0.000000] SLUB: HWalign=64, Order=0-3, MinObjects=0, CPUs=1, Nodes=1
[    0.000000] Hierarchical RCU implementation.
[    0.000000] 	Build-time adjustment of leaf fanout to 32.
[    0.000000] 	RCU restricting CPUs from NR_CPUS=8 to nr_cpu_ids=1.
[    0.000000] RCU: Adjusting geometry for rcu_fanout_leaf=32, nr_cpu_ids=1
[    0.000000] NR_IRQS:2304 nr_irqs:256 16
[    0.000000] Console: colour VGA+ 80x25
[    0.000000] console [tty1] enabled
[    0.000000] console [ttyS0] enabled
[    0.000000] allocated 2097152 bytes of page_ext
[    0.000000] tsc: Fast TSC calibration using PIT
[    0.000000] tsc: Detected 2712.240 MHz processor
[    0.000096] Calibrating delay loop (skipped), value calculated using timer frequency.. 5424.48 BogoMIPS (lpj=10848960)
[    0.018864] pid_max: default: 32768 minimum: 301
[    0.028078] ACPI: Core revision 20150930
[    0.134862] ACPI: 2 ACPI AML tables successfully acquired and loaded
[    0.192632] Security Framework initialized
[    0.302371] Yama: becoming mindful.
[    0.340901] AppArmor: AppArmor initialized
[    0.449709] Mount-cache hash table entries: 2048 (order: 1, 8192 bytes)
[    0.540784] Mountpoint-cache hash table entries: 2048 (order: 1, 8192 bytes)
[    0.543006] Initializing cgroup subsys io
[    0.561656] Initializing cgroup subsys memory
[    0.586555] Initializing cgroup subsys devices
[    0.588057] Initializing cgroup subsys freezer
[    0.605775] Initializing cgroup subsys net_cls
[    0.607171] Initializing cgroup subsys perf_event
[    0.608601] Initializing cgroup subsys net_prio
[    0.610022] Initializing cgroup subsys hugetlb
[    0.611392] Initializing cgroup subsys pids
[    0.614877] mce: CPU supports 0 MCE banks
[    0.616167] process: using mwait in idle threads
[    0.633729] Last level iTLB entries: 4KB 64, 2MB 8, 4MB 8
[    0.680852] Last level dTLB entries: 4KB 64, 2MB 0, 4MB 0, 1GB 4
[    0.776643] Spectre V2 : Mitigation: Full generic retpoline
[    0.778328] Spectre V2 : Spectre v2 mitigation: Speculation control IBPB not-supported IBRS not-supported
[    0.782329] Spectre V2 : Spectre v2 / SpectreRSB mitigation: Filling RSB on context switch
[    0.819939] Speculative Store Bypass: Vulnerable
[    0.839418] Freeing SMP alternatives memory: 32K
[    0.851262] ftrace: allocating 31566 entries in 62 pages
[    0.952327] smpboot: APIC(0) Converting physical 0 to logical package 0
[    1.043159] smpboot: Max logical packages: 1
[    1.075190] Enabling APIC mode:  Flat.  Using 1 I/O APICs
[    1.114538] ..TIMER: vector=0x30 apic1=0 pin1=2 apic2=-1 pin2=-1
[    1.262363] APIC calibration not consistent with PM-Timer: 98ms instead of 100ms
[    1.414141] APIC delta adjusted to PM-Timer: 6250055 (6177228)
[    1.519597] smpboot: CPU0: Intel(R) Core(TM) i5-7200U CPU @ 2.50GHz (family: 0x6, model: 0x8e, stepping: 0x9)
[    1.777056] Performance Events: unsupported p6 CPU model 142 no PMU driver, software events only.
[    1.827713] x86: Booted up 1 node, 1 CPUs
[    1.835694] smpboot: Total of 1 processors activated (5424.48 BogoMIPS)
[    2.018979] NMI watchdog: disabled (cpu0): hardware events not enabled
[    2.111314] NMI watchdog: Shutting down hard lockup detector on all cpus
[    2.167818] devtmpfs: initialized
[    2.169352] evm: security.selinux
[    2.170649] evm: security.SMACK64
[    2.173990] evm: security.SMACK64EXEC
[    2.175424] evm: security.SMACK64TRANSMUTE
[    2.176617] evm: security.SMACK64MMAP
[    2.262907] evm: security.ima
[    2.300949] evm: security.capability
[    2.314849] clocksource: jiffies: mask: 0xffffffff max_cycles: 0xffffffff, max_idle_ns: 7645041785100000 ns
[    2.400956] futex hash table entries: 256 (order: 2, 16384 bytes)
[    2.406437] pinctrl core: initialized pinctrl subsystem
[    2.408330] RTC time:  9:11:52, date: 01/03/19
[    2.452422] NET: Registered protocol family 16
[    2.539308] EISA bus registered
[    2.606399] cpuidle: using governor ladder
[    2.690765] cpuidle: using governor menu
[    2.765189] PCCT header not found.
[    2.784567] ACPI: bus type PCI registered
[    2.785949] acpiphp: ACPI Hot Plug PCI Controller Driver version: 0.5
[    2.850381] PCI : PCI BIOS area is rw and x. Use pci=nobios if you want it NX.
[    2.982003] PCI: PCI BIOS revision 2.10 entry at 0xfda26, last bus=0
[    2.983992] PCI: Using configuration type 1 for base access
[    2.986891] ACPI: Added _OSI(Module Device)
[    3.040493] ACPI: Added _OSI(Processor Device)
[    3.148926] ACPI: Added _OSI(3.0 _SCP Extensions)
[    3.213613] ACPI: Added _OSI(Processor Aggregator Device)
[    3.339907] ACPI: Executed 1 blocks of module-level executable AML code
[    3.353667] ACPI: Interpreter enabled
[    3.355101] ACPI: (supports S0 S5)
[    3.356362] ACPI: Using IOAPIC for interrupt routing
[    3.357869] PCI: Using host bridge windows from ACPI; if necessary, use "pci=nocrs" and report a bug
[    3.452000] ACPI: PCI Root Bridge [PCI0] (domain 0000 [bus 00-ff])
[    3.471929] acpi PNP0A03:00: _OSC: OS supports [ASPM ClockPM Segments MSI]
[    3.564507] acpi PNP0A03:00: _OSC: not requesting OS control; OS requires [ExtendedConfig ASPM ClockPM MSI]
[    3.601174] acpi PNP0A03:00: fail to add MMCONFIG information, can't access extended PCI configuration space under this bridge.
[    3.619038] PCI host bridge to bus 0000:00
[    3.647479] pci_bus 0000:00: root bus resource [io  0x0000-0x0cf7 window]
[    3.713145] pci_bus 0000:00: root bus resource [io  0x0d00-0xffff window]
[    3.715201] pci_bus 0000:00: root bus resource [mem 0x000a0000-0x000bffff window]
[    3.717559] pci_bus 0000:00: root bus resource [mem 0x80000000-0xfdffffff window]
[    3.719936] pci_bus 0000:00: root bus resource [bus 00-ff]
[    3.883166] pci 0000:00:01.1: legacy IDE quirk: reg 0x10: [io  0x01f0-0x01f7]
[    3.974226] pci 0000:00:01.1: legacy IDE quirk: reg 0x14: [io  0x03f6]
[    3.976130] pci 0000:00:01.1: legacy IDE quirk: reg 0x18: [io  0x0170-0x0177]
[    3.978210] pci 0000:00:01.1: legacy IDE quirk: reg 0x1c: [io  0x0376]
[    4.090822] pci 0000:00:07.0: quirk: [io  0x4000-0x403f] claimed by PIIX4 ACPI
[    4.273759] pci 0000:00:07.0: quirk: [io  0x4100-0x410f] claimed by PIIX4 SMB
[    4.412265] ACPI: PCI Interrupt Link [LNKA] (IRQs 5 9 10 *11)
[    4.428417] ACPI: PCI Interrupt Link [LNKB] (IRQs 5 9 *10 11)
[    4.457098] ACPI: PCI Interrupt Link [LNKC] (IRQs 5 *9 10 11)
[    4.495695] ACPI: PCI Interrupt Link [LNKD] (IRQs 5 9 10 *11)
[    4.498538] ACPI: Enabled 2 GPEs in block 00 to 07
[    4.500444] vgaarb: setting as boot device: PCI:0000:00:02.0
[    4.612219] vgaarb: device added: PCI:0000:00:02.0,decodes=io+mem,owns=io+mem,locks=none
[    4.625892] vgaarb: loaded
[    4.629275] vgaarb: bridge control possible 0000:00:02.0
[    4.645967] SCSI subsystem initialized
[    4.648652] ACPI: bus type USB registered
[    4.660555] usbcore: registered new interface driver usbfs
[    4.678327] usbcore: registered new interface driver hub
[    4.716103] usbcore: registered new device driver usb
[    4.756457] PCI: Using ACPI for IRQ routing
[    4.758058] NetLabel: Initializing
[    4.779978] NetLabel:  domain hash size = 128
[    4.781368] NetLabel:  protocols = UNLABELED CIPSOv4
[    4.822745] NetLabel:  unlabeled traffic allowed by default
[    4.891273] amd_nb: Cannot enumerate AMD northbridges
[    4.894725] clocksource: Switched to clocksource refined-jiffies
[    4.903973] AppArmor: AppArmor Filesystem Enabled
[    4.912136] pnp: PnP ACPI init
[    4.918643] pnp: PnP ACPI: found 3 devices
[    4.919499] PnPBIOS: Disabled by ACPI PNP
[    5.033384] clocksource: acpi_pm: mask: 0xffffff max_cycles: 0xffffff, max_idle_ns: 2085701024 ns
[    5.121990] clocksource: Switched to clocksource acpi_pm
[    5.235625] NET: Registered protocol family 2
[    5.265198] TCP established hash table entries: 8192 (order: 3, 32768 bytes)
[    5.270728] TCP bind hash table entries: 8192 (order: 4, 65536 bytes)
[    5.460345] TCP: Hash tables configured (established 8192 bind 8192)
[    5.493589] UDP hash table entries: 512 (order: 2, 16384 bytes)
[    5.502295] UDP-Lite hash table entries: 512 (order: 2, 16384 bytes)
[    5.504211] NET: Registered protocol family 1
[    5.505597] pci 0000:00:00.0: Limiting direct PCI/PCI transfers
[    5.599167] pci 0000:00:01.0: Activating ISA DMA hang workarounds
[    5.658869] Unpacking initramfs...
[    5.891419] Freeing initrd memory: 14764K
[    5.920820] platform rtc_cmos: registered platform RTC device (no PNP device found)
[    5.937623] Scanning for low memory corruption every 60 seconds
[    5.939659] audit: initializing netlink subsys (disabled)
[    5.943608] audit: type=2000 audit(1546506708.455:1): initialized
[    5.953738] Initialise system trusted keyring
[    5.955343] HugeTLB registered 2 MB page size, pre-allocated 0 pages
[    5.981635] zbud: loaded
[    5.982693] VFS: Disk quotas dquot_6.6.0
[    5.983967] VFS: Dquot-cache hash table entries: 1024 (order 0, 4096 bytes)
[    5.986169] squashfs: version 4.0 (2009/01/31) Phillip Lougher
[    5.988014] fuse init (API version 7.23)
[    6.020202] Key type big_key registered
[    6.021452] Allocating IMA MOK and blacklist keyrings.
[    6.039610] Key type asymmetric registered
[    6.118818] Asymmetric key parser 'x509' registered
[    6.121727] bounce: pool size: 64 pages
[    6.124136] Block layer SCSI generic (bsg) driver version 0.4 loaded (major 249)
[    6.145531] io scheduler noop registered
[    6.147394] io scheduler deadline registered (default)
[    6.148995] io scheduler cfq registered
[    6.150317] pci_hotplug: PCI Hot Plug PCI Core version: 0.5
[    6.152788] pciehp: PCI Express Hot Plug Controller Driver version: 0.4
[    6.154890] ACPI: AC Adapter [AC] (off-line)
[    6.173133] input: Power Button as /devices/LNXSYSTM:00/LNXPWRBN:00/input/input0
[    6.228353] ACPI: Power Button [PWRF]
[    6.345529] input: Sleep Button as /devices/LNXSYSTM:00/LNXSLPBN:00/input/input1
[    6.508407] ACPI: Sleep Button [SLPF]
[    6.593146] ACPI: Battery Slot [BAT0] (battery present)
[    6.683539] GHES: HEST is not enabled!
[    6.723458] Serial: 8250/16550 driver, 32 ports, IRQ sharing enabled
[    6.790784] isapnp: Scanning for PnP cards...
[    6.910069] 00:02: ttyS0 at I/O 0x3f8 (irq = 4, base_baud = 115200) is a 16550A
[    6.921542] tsc: Refined TSC clocksource calibration: 2711.997 MHz
[    6.947443] clocksource: tsc: mask: 0xffffffffffffffff max_cycles: 0x271783928df, max_idle_ns: 440795282907 ns
[    7.033346] Linux agpgart interface v0.103
[    7.043814] loop: module loaded
[    7.112805] scsi host0: ata_piix
[    7.138890] scsi host1: ata_piix
[    7.141152] ata1: PATA max UDMA/33 cmd 0x1f0 ctl 0x3f6 bmdma 0xd000 irq 14
[    7.143184] ata2: PATA max UDMA/33 cmd 0x170 ctl 0x376 bmdma 0xd008 irq 15
[    7.226889] libphy: Fixed MDIO Bus: probed
[    7.389027] tun: Universal TUN/TAP device driver, 1.6
[    7.406881] tun: (C) 1999-2004 Max Krasnyansky <maxk@qualcomm.com>
[    7.498921] isapnp: No Plug & Play device found
[    7.574817] PPP generic driver version 2.4.2
[    7.576372] ehci_hcd: USB 2.0 'Enhanced' Host Controller (EHCI) Driver
[    7.617040] ehci-pci: EHCI PCI platform driver
[    7.619266] ehci-platform: EHCI generic platform driver
[    7.724235] ohci_hcd: USB 1.1 'Open' Host Controller (OHCI) Driver
[    7.769837] ohci-pci: OHCI PCI platform driver
[    7.791502] ohci-platform: OHCI generic platform driver
[    7.925214] uhci_hcd: USB Universal Host Controller Interface driver
[    7.978069] i8042: PNP: PS/2 Controller [PNP0303:PS2K,PNP0f03:PS2M] at 0x60,0x64 irq 1,12
[    8.087789] serio: i8042 KBD port at 0x60,0x64 irq 1
[    8.109855] serio: i8042 AUX port at 0x60,0x64 irq 12
[    8.118926] mousedev: PS/2 mouse device common for all mice
[    8.121208] input: AT Translated Set 2 keyboard as /devices/platform/i8042/serio0/input/input2
[    8.139405] rtc_cmos rtc_cmos: rtc core: registered rtc_cmos as rtc0
[    8.147124] rtc_cmos rtc_cmos: alarms up to one day, 114 bytes nvram
[    8.149033] i2c /dev entries driver
[    8.150255] device-mapper: uevent: version 1.0.3
[    8.151786] device-mapper: ioctl: 4.34.0-ioctl (2015-10-28) initialised: dm-devel@redhat.com
[    8.186299] clocksource: Switched to clocksource tsc
[    8.261119] platform eisa.0: Probing EISA bus 0
[    8.262527] platform eisa.0: EISA: Cannot allocate resource for mainboard
[    8.264507] platform eisa.0: Cannot allocate resource for EISA slot 1
[    8.266456] platform eisa.0: Cannot allocate resource for EISA slot 2
[    8.342748] platform eisa.0: Cannot allocate resource for EISA slot 3
[    8.391707] platform eisa.0: Cannot allocate resource for EISA slot 4
[    8.558204] platform eisa.0: Cannot allocate resource for EISA slot 5
[    8.665199] platform eisa.0: Cannot allocate resource for EISA slot 6
[    8.669088] platform eisa.0: Cannot allocate resource for EISA slot 7
[    8.670974] platform eisa.0: Cannot allocate resource for EISA slot 8
[    8.728478] platform eisa.0: EISA: Detected 0 cards
[    8.753039] cpufreq-nforce2: No nForce2 chipset.
[    8.755169] ledtrig-cpu: registered to indicate activity on CPUs
[    8.757375] NET: Registered protocol family 10
[    8.788784] NET: Registered protocol family 17
[    8.797857] Key type dns_resolver registered
[    8.800598] Using IPI No-Shortcut mode
[    8.801922] registered taskstats version 1
[    8.803019] Loading compiled-in X.509 certificates
[    8.843088] Loaded X.509 cert 'Build time autogenerated kernel key: 8ee7231a1e42e4b4a17d0e4b95c66ffe15d3b32e'
[    8.847181] zswap: loaded using pool lzo/zbud
[    8.851060] Key type trusted registered
[    8.873080] Key type encrypted registered
[    8.893182] AppArmor: AppArmor sha1 policy hashing enabled
[    8.895027] ima: No TPM chip found, activating TPM-bypass!
[    8.897917] ima: Allocated hash algorithm: sha1
[    8.983108] evm: HMAC attrs: 0x1
[    9.077027]   Magic number: 3:761:170
[    9.136683] rtc_cmos rtc_cmos: setting system clock to 2019-01-03 09:11:59 UTC (1546506719)
[    9.139538] BIOS EDD facility v0.16 2004-Jun-25, 0 devices found
[    9.144409] EDD information not available.
[    9.151483] Freeing unused kernel memory: 952K
[    9.163329] Write protecting the kernel text: 8056k
[    9.218727] Write protecting the kernel read-only data: 3184k
[    9.239400] NX-protecting the kernel data: 6280k
Loading, please [    9.255994] random: udevadm: uninitialized urandom read (16 bytes read, 6 bits of entropy available)
wait...
startin[    9.391222] random: systemd-udevd: uninitialized urandom read (16 bytes read, 6 bits of entropy available)
g version 229
[    9.430923] random: systemd-udevd: uninitialized urandom read (16 bytes read, 6 bits of entropy available)
[    9.461269] random: systemd-udevd: uninitialized urandom read (16 bytes read, 6 bits of entropy available)
[    9.642891] random: udevadm: uninitialized urandom read (16 bytes read, 6 bits of entropy available)
[    9.663916] random: udevadm: uninitialized urandom read (16 bytes read, 6 bits of entropy available)
[    9.824806] random: udevadm: uninitialized urandom read (16 bytes read, 6 bits of entropy available)
[    9.847355] random: udevadm: uninitialized urandom read (16 bytes read, 6 bits of entropy available)
[    9.870118] random: udevadm: uninitialized urandom read (16 bytes read, 6 bits of entropy available)
[    9.899209] random: udevadm: uninitialized urandom read (16 bytes read, 6 bits of entropy available)
[   10.024488] e1000: Intel(R) PRO/1000 Network Driver - version 7.3.21-k8-NAPI
[   10.150118] e1000: Copyright (c) 1999-2006 Intel Corporation.
[   10.164743] Fusion MPT base driver 3.04.20
[   10.187173] Copyright (c) 1999-2008 LSI Corporation
[   10.292242] Fusion MPT SPI Host driver 3.04.20
[   10.307061] mptbase: ioc0: Initiating bringup
[   10.374566] ioc0: LSI53C1030 A0: Capabilities={Initiator}
[   10.410981] input: ImExPS/2 Generic Explorer Mouse as /devices/platform/i8042/serio1/input/input4
[   10.590602] scsi host2: ioc0: LSI53C1030 A0, FwRev=00000000h, Ports=1, MaxQ=256, IRQ=20
[   10.756308] scsi 2:0:0:0: Direct-Access     VBOX     HARDDISK         1.0  PQ: 0 ANSI: 5
[   10.764895] scsi target2:0:0: Beginning Domain Validation
[   10.769243] scsi target2:0:0: Domain Validation skipping write tests
[   10.774170] scsi target2:0:0: Ending Domain Validation
[   10.777035] scsi target2:0:0: asynchronous
[   10.779957] scsi 2:0:1:0: Direct-Access     VBOX     HARDDISK         1.0  PQ: 0 ANSI: 5
[   10.821775] scsi target2:0:1: Beginning Domain Validation
[   10.910749] scsi target2:0:1: Domain Validation skipping write tests
[   10.962135] scsi target2:0:1: Ending Domain Validation
[   11.062345] scsi target2:0:1: asynchronous
[   11.249690] sd 2:0:0:0: Attached scsi generic sg0 type 0
[   11.263950] sd 2:0:0:0: [sda] 20971520 512-byte logical blocks: (10.7 GB/10.0 GiB)
[   11.266042] sd 2:0:0:0: [sda] Write Protect is off
[   11.270803] sd 2:0:1:0: [sdb] 20480 512-byte logical blocks: (10.5 MB/10.0 MiB)
[   11.287829] sd 2:0:1:0: Attached scsi generic sg1 type 0
[   11.294019] sd 2:0:0:0: [sda] Incomplete mode parameter data
[   11.301911] sd 2:0:0:0: [sda] Assuming drive cache: write through
[   11.305781] sd 2:0:1:0: [sdb] Write Protect is off
[   11.310093] sd 2:0:1:0: [sdb] Incomplete mode parameter data
[   11.320724] sd 2:0:1:0: [sdb] Assuming drive cache: write through
[   11.323585] e1000 0000:00:03.0 eth0: (PCI:33MHz:32-bit) 02:d4:45:2a:49:3f
[   11.325549] e1000 0000:00:03.0 eth0: Intel(R) PRO/1000 Network Connection
[   11.345333]  sda: sda1
[   11.359377] sd 2:0:0:0: [sda] Attached SCSI disk
[   11.384448] sd 2:0:1:0: [sdb] Attached SCSI disk
[   11.726596] e1000 0000:00:08.0 eth1: (PCI:33MHz:32-bit) 08:00:27:f7:08:d7
[   11.802767] e1000 0000:00:08.0 eth1: Intel(R) PRO/1000 Network Connection
[   11.805742] e1000 0000:00:08.0 enp0s8: renamed from eth1
[   11.825287] e1000 0000:00:03.0 enp0s3: renamed from eth0
Begin: Loading e[   13.191316] md: linear personality registered for level -1
ssential drivers ... [   13.269042] md: multipath personality registered for level -4
[   13.281885] md: raid0 personality registered for level 0
[   13.304122] md: raid1 personality registered for level 1
[   13.493704] raid6: mmxx1    gen()  5891 MB/s
[   13.649799] raid6: mmxx2    gen()  6268 MB/s
[   13.793259] raid6: sse1x1   gen()  5343 MB/s
[   13.945221] raid6: sse1x2   gen()  6146 MB/s
[   14.049233] raid6: sse2x1   gen()  8855 MB/s
[   14.169562] raid6: sse2x1   xor()  6210 MB/s
[   14.273932] raid6: sse2x2   gen() 13173 MB/s
[   14.409544] raid6: sse2x2   xor()  9015 MB/s
[   14.561188] raid6: avx2x1   gen() 21888 MB/s
[   14.757179] raid6: avx2x2   gen() 23587 MB/s
[   14.824248] raid6: using algorithm avx2x2 gen() 23587 MB/s
[   14.825931] raid6: using avx2x1 recovery algorithm
[   14.834326] xor: automatically using best checksumming function:
[   14.989133]    avx       : 24540.000 MB/sec
[   15.089887] async_tx: api initialized (async)
[   15.185886] md: raid6 personality registered for level 6
[   15.292466] md: raid5 personality registered for level 5
[   15.300977] md: raid4 personality registered for level 4
[   15.330967] md: raid10 personality registered for level 10
done.
Begin: Running /scripts/init-premount ... done.
Begin: Mounting root file system ... Begin: Running /scripts/local-top ... done.
Begin: Running /scripts/local-premount ... [   15.426225] Btrfs loadedScanning for Btrfs filesystems
done.
Warning: fsck no[   15.539156] EXT4-fs (sda1): INFO: recovery required on readonly filesystem
t present, so sk[   15.612455] EXT4-fs (sda1): write access will be enabled during recovery
ipping root file system
[   15.839350] EXT4-fs (sda1): orphan cleanup on readonly fs
[   15.958424] EXT4-fs (sda1): 6 orphan inodes deleted
[   16.143848] EXT4-fs (sda1): recovery complete
[   16.269600] random: nonblocking pool is initialized
[   16.366791] EXT4-fs (sda1): mounted filesystem with ordered data mode. Opts: (null)
done.
Begin: Running /scripts/local-bottom ... done.
Begin: Running /scripts/init-bottom ... done.
[   17.741515] systemd[1]: systemd 229 running in system mode. (+PAM +AUDIT +SELINUX +IMA +APPARMOR +SMACK +SYSVINIT +UTMP +LIBCRYPTSETUP +GCRYPT +GNUTLS +ACL +XZ -LZ4 +SECCOMP +BLKID +ELFUTILS +KMOD -IDN)
[   18.032928] systemd[1]: Detected virtualization oracle.
[   18.065616] systemd[1]: Detected architecture x86.

Welcome to [1mUbuntu 16.04.5 LTS[0m!

[   18.239740] systemd[1]: Set hostname to <kouosl>.
[   20.014196] systemd[1]: Listening on LVM2 poll daemon socket.
[[0;32m  OK  [0m] Listening on LVM2 poll daemon socket.
[   20.114062] systemd[1]: Listening on Device-mapper event daemon FIFOs.
[[0;32m  OK  [0m] Listening on Device-mapper event daemon FIFOs.
[   20.161842] systemd[1]: Listening on LVM2 metadata daemon socket.
[[0;32m  OK  [0m] Listening on LVM2 metadata daemon socket.
[   20.216990] systemd[1]: Set up automount Arbitrary Executable File Formats File System Automount Point.
[[0;32m  OK  [0m] Set up automount Arbitrary Executab...ats File System Automount Point.
[   20.496873] systemd[1]: Started Trigger resolvconf update for networkd DNS.
[[0;32m  OK  [0m] Started Trigger resolvconf update for networkd DNS.
[   20.668860] systemd[1]: Listening on Journal Socket.
[[0;32m  OK  [0m] Listening on Journal Socket.
[   20.765067] systemd[1]: Created slice User and Session Slice.
[[0;32m  OK  [0m] Created slice User and Session Slice.
[   20.960814] systemd[1]: Listening on udev Kernel Socket.
[[0;32m  OK  [0m] Listening on udev Kernel Socket.
[   21.009324] systemd[1]: Reached target User and Group Name Lookups.
[[0;32m  OK  [0m] Reached target User and Group Name Lookups.
[   21.052820] systemd[1]: Listening on Journal Socket (/dev/log).
[[0;32m  OK  [0m] Listening on JJurnal Socket (/dev/log).
[   21.252789] systemd[1]: Reached target System Time Synchronized.
[[0;32m  OK  [0m] Reached target System Time Synchronized.
[   21.397734] systemd[1]: Reached target Encrypted Volumes.
[[0;32m  OK  [0m] Reached target Encrypted Volumes.
[   21.484763] systemd[1]: Listening on Syslog Socket.
[[0;32m  OK  [0m] Listening on Syslog Socket.
[   21.640834] systemd[1]: Started Forward Password Requests to Wall Directory Watch.
[[0;32m  OK  [0m] Started Forward Password Requests to Wall Directory Watch.
[   21.858389] systemd[1]: Created slice System Slice.
[[0;32m  OK  [0m] Created slice System Slice.
[   21.906130] systemd[1]: Starting Load Kernel Modules...
         Starting Load Kernel Modules...
[   22.067166] systemd[1]: Starting Nameserver information manager...
         Starting Nameserver information manager...
[   22.098264] systemd[1]: Starting Monitoring of LVM2 mirrors, snapshots etc. using dmeventd or progress polling...
         Starting Monitoring of LVM2 mirrors... dmeventd or progress polling...
[   22.373682] systemd[1]: Mounting Debug File System...
         Mounting Debug File System...
[   22.419922] Loading iSCSI transport class v2.0-870.
[   22.436554] systemd[1]: Starting Remount Root and Kernel File Systems...
         Starting Remount Root and Kernel File Systems...
[   22.443641] systemd[1]: Reached target Slices.
[[0;32m  OK  [0m] Reached target Slices.
[   22.561188] systemd[1]: Mounting POSIX Message Queue File System...
[   22.690567] EXT4-fs (sda1): re-mounted. Opts: (null)
         Mounting POSIX Message Queue File System...
[   22.845910] iscsi: registered transport (tcp)
[   22.978062] systemd[1]: Starting Create list of required static device nodes for the current kernel...
         Starting Create list of required st... nodes for the current kernel...
[   23.101878] systemd[1]: Created slice system-serial\x2dgetty.slice.
[[0;32m  OK  [0m] Created slice system-serial\x2dgetty.slice.
[   23.251589] systemd[1]: Listening on udev Control Socket.
[[0;32m  OK  [0m] Listening on udev Control Socket.
[   23.428624] systemd[1]: Listening on /dev/initctl Compatibility Named Pipe.
[[0;32m  OK  [0m] Listening on /dev/initctl Compatibility Named Pipe.
[   23.604546] systemd[1]: Reached target Swap.
[[0;32m  OK  [0m] Reached target Swap.
[   23.704307] systemd[1]: Mounting Huge Pages File System...
         Mounting Huge Pa[   23.766577] iscsi: registered transport (iser)
ges File System...
[   23.874351] systemd[1]: Starting Set console keymap...
         Starting Set console keymap...
[   23.920590] systemd[1]: Listening on Journal Audit Socket.
[[0;32m  OK  [0m] Listening on Journal Audit Socket.
[   24.041241] systemd[1]: Starting Journal Service...
         Starting Journal Service...
[   24.153213] systemd[1]: Starting Uncomplicated firewall...
         Starting Uncomplicated firewall...
[   24.185790] systemd[1]: Mounted Debug File System.
[[0;32m  OK  [0m] Mounted Debug File System.
[   24.250119] systemd[1]: Mounted Huge Pages File System.
[[0;32m  OK  [0m] Mounted Huge Pages File System.
[   24.372691] systemd[1]: Mounted POSIX Message Queue File System.
[[0;32m  OK  [0m] Mounted POSIX Message Queue File System.
[   24.568555] systemd[1]: Started Journal Service.
[[0;32m  OK  [0m] Started Journal Service.
[[0;32m  OK  [0m] Started Load Kernel Modules.
[[0;32m  OK  [0m] Started Remount Root and Kernel File Systems.
[[0;32m  OK  [0m] Started Create list of required sta...ce nodes for the current kernel.
[[0;32m  OK  [0m] Started Set console keymap.
[[0;32m  OK  [0m] Started Uncomplicated firewall.
[[0;32m  OK  [0m] Started Nameserver information manager.
[[0;32m  OK  [0m] Started LVM2 metadata daemon.
         Starting Create Static Device Nodes in /dev...
         Starting udev Coldplug all Devices...
         Starting Load/Save Random Seed...
         Mounting FUSE Control File System...
         Starting Apply Kernel Variables...
         Starting Flush Journal to Persistent Storage...
[[0;32m  OK  [0m] Mounted FUSE Control File System.
[[0;32m  OK  [0m] Started udev Coldplug all Devices.
[[0;32m  OK  [0m] Started Load/Save Random Seed.
[[0;32m  OK  [0m] Started Apply Kernel Variables.
[[0;32m  OK  [0m] Started Flush Journal to Persistent Storage.
[[0;32m  OK  [0m] Started Monitoring of LVM2 mirrors,...ng dmeventd or progress polling.
[[0;32m  OK  [0m] Started Create Static Device Nodes in /dev.
         Starting udev Kernel Device Manager...
[[0;32m  OK  [0m] Started udev Kernel Device Manager.
[[0;32m  OK  [0m] Started Dispatch Password Requests to Console Directory Watch.
[[0;32m  OK  [0m] Reached target Local File Systems (Pre).
[[0;32m  OK  [0m] Reached target Local File Systems.
         Starting LSB: AppArmor initialization...
         Starting Initial cloud-init job (pre-networking)...
         Starting Set console font and keymap...
         Starting Tell Plymouth To Write Out Runtime Data...
         Starting Create Volatile Files and Directories...
[[0;32m  OK  [0m] Found device /dev/ttyS0.
[[0;32m  OK  [0m] Started Tell Plymouth To Write Out Runtime Data.
[[0;32m  OK  [0m] Listening on Load/Save RF Kill Switch Status /dev/rfkill Watch.
[[0;32m  OK  [0m] Started Create Volatile Files and Directories.
         Starting Update UTMP about System Boot/Shutdown...
[[0;32m  OK  [0m] Started Update UTMP about System Boot/Shutdown.
[[0;32m  OK  [0m] Found device 82540EM Gigabit Ethern...r (PRO/1000 MT Desktop Adapter).
[[0;32m  OK  [0m] Found device 82540EM Gigabit Ethern...r (PRO/1000 MT Desktop Adapter).
[[0;32m  OK  [0m] Started Set console font and keymap.
[[0;32m  OK  [0m] Created slice system-getty.slice.
[[0;32m  OK  [0m] Started LSB: AppArmor initialization.
[   30.673857] cloud-init[494]: Cloud-init v. 18.3-9-g2e62cb8a-0ubuntu1~16.04.2 running 'init-local' at Thu, 03 Jan 2019 09:12:24 +0000. Up 29.66 seconds.
[[0;32m  OK  [0m] Started Initial cloud-init job (pre-networking).
[[0;32m  OK  [0m] Reached target Network (Pre).
[[0;32m  OK  [0m] Started ifup for enp0s3.
[[0;32m  OK  [0m] Started ifup for enp0s8.
         Starting Raise network interfaces...
[[0;32m  OK  [0m] Started Raise network interfaces.
[[0;32m  OK  [0m] Reached target Network.
         Starting Initial cloud-init job (metadata service crawler)...
[   33.025345] cloud-init[1074]: Cloud-init v. 18.3-9-g2e62cb8a-0ubuntu1~16.04.2 running 'init' at Thu, 03 Jan 2019 09:12:26 +0000. Up 31.87 seconds.
[   33.157524] cloud-init[1074]: ci-info: ++++++++++++++++++++++++++++++++++++++Net device info++++++++++++++++++++++++++++++++++++++
[[0;32m  OK  [0m] Started Initial cloud-init job (metadata service crawler).
[   33.283044] cloud-init[1074]: ci-info: +--------+------+----------------------------+---------------+--------+-------------------+
[   33.513452] cloud-init[1074]: ci-info: | Device |  Up  |          Address           |      Mask     | Scope  |     Hw-Address    |
[[0;32m  OK  [0m] Reached target Cloud-config availability.
[   33.594229] cloud-init[1074]: ci-info: +--------+------+----------------------------+---------------+--------+-------------------+
[   33.607042] cloud-init[1074]: ci-info: | enp0s3 | True |         10.0.2.15          | 255.255.255.0 | global | 02:d4:45:2a:49:3f |
[[0;32m  OK  [0m] Reached target Network is Online.
[   33.635145] cloud-init[1074]: ci-info: | enp0s3 | True | fe80::d4:45ff:fe2a:493f/64 |       .       |  link  | 02:d4:45:2a:49:3f |
         Starting iSCSI initiator daemon (iscsid)...
[[0;32m  OK  [0m] Reached target System Initialization.
[   33.645698] cloud-init[1074]: ci-info: | enp0s8 | True |       192.168.83.137       | 255.255.255.0 | global | 08:00:27:f7:08:d7 |
[   33.752336] cloud-init[1074]: ci-info: | enp0s8 | True | fe80::a00:27ff:fef7:8d7/64 |       .       |  link  | 08:00:27:f7:08:d7 |
[   33.876486] cloud-init[1074]: ci-info: |   lo   | True |         127.0.0.1          |   255.0.0.0   |  host  |         .         |
[   33.877275] cloud-init[1074]: ci-info: |   lo   | True |          ::1/128           |       .       |  host  |         .         |
[   33.877430] cloud-init[1074]: ci-info: +--------+------+----------------------------+---------------+--------+-------------------+
[   33.877563] cloud-init[1074]: ci-info: ++++++++++++++++++++++++++++Route IPv4 info++++++++++++++++++++++++++++
[   33.877764] cloud-init[1074]: ci-info: +-------+--------------+----------+---------------+-----------+-------+
[   33.877909] cloud-init[1074]: ci-info: | Route | Destination  | Gateway  |    Genmask    | Interface | Flags |
[   33.878041] cloud-init[1074]: ci-info: +-------+--------------+----------+---------------+-----------+-------+
[   33.878172] cloud-init[1074]: ci-info: |   0   |   0.0.0.0    | 10.0.2.2 |    0.0.0.0    |   enp0s3  |   UG  |
[   33.878303] cloud-init[1074]: ci-info: |   1   |   10.0.2.0   | 0.0.0.0  | 255.255.255.0 |   enp0s3  |   U   |
[   33.878435] cloud-init[1074]: ci-info: |   2   | 192.168.83.0 | 0.0.0.0  | 255.255.255.0 |   enp0s8  |   U   |
[   33.878566] cloud-init[1074]: ci-info: +-------+--------------+----------+---------------+-----------+-------+
[   33.878776] cloud-init[1074]: ci-info: +++++++++++++++++++Route IPv6 info+++++++++++++++++++
[   33.878919] cloud-init[1074]: ci-info: +-------+-------------+---------+-----------+-------+
[   33.879669] cloud-init[1074]: ci-info: | Route | Destination | Gateway | Interface | Flags |
[   33.879821] cloud-init[1074]: ci-info: +-------+-------------+---------+-----------+-------+
[   33.879997] cloud-init[1074]: ci-info: |   0   |  fe80::/64  |    ::   |   enp0s8  |   U   |
[[0;32m  OK  [0m] Started Daily apt download activities.
[[0;32m  OK  [0m] Listening on UUID daemon activation socket.
[[0;32m  OK  [0m] Started Daily apt upgrade and clean activities.
         Starting Socket activation for snappy daemon.
[[0;32m  OK  [0m] Listening on ACPID Listen Socket.
         Starting LXD - unix socket.
[[0;32m  OK  [0m] Listening on D-Bus System Message Bus Socket.
[   33.880181] cloud-init[1074]: ci-info: |   1   |  fe80::/64  |    ::   |   enp0s3  |   U   |
[   35.904340] cloud-init[1074]: ci-info: |   4   |   ff00::/8  |    ::   |   enp0s8  |   U   |
[   35.972260] cloud-init[1074]: ci-info: |   5   |   ff00::/8  |    ::   |   enp0s3  |   U   |
[   36.038228] cloud-init[1074]: ci-info: +-------+-------------+---------+-----------+-------+
[[0;32m  OK  [0m] Started ACPI Events Check.
[[0;32m  OK  [0m] Reached target Paths.
[[0;32m  OK  [0m] Started Daily Cleanup of Temporary Directories.
[[0;32m  OK  [0m] Reached target Timers.
[[0;32m  OK  [0m] Listening on Socket activation for snappy daemon.
[[0;32m  OK  [0m] Listening on LXD - unix socket.
[[0;32m  OK  [0m] Reached target Sockets.
[[0;32m  OK  [0m] Reached target Basic System.
[[0;32m  OK  [0m] Started D-Bus System Message Bus.
[[0;32m  OK  [0m] Started Unattended Upgrades Shutdown.
[[0;32m  OK  [0m] Started Regular background program processing daemon.
         Starting Virtualbox guest utils...
[[0;32m  OK  [0m] Started Deferred execution scheduler.
         Starting LSB: Record successful boot for GRUB...
         Starting /etc/rc.local Compatibility...
         Starting System Logging Service...
         Starting OpenBSD Secure Shell server...
[[0;32m  OK  [0m] Started ACPI event daemon.
[[0;32m  OK  [0m] Started FUSE filesystem for LXC.
         Starting Login Service...
         Starting LXD - container startup/shutdown...
         Starting LSB: MD monitoring daemon...
         Starting Accounts Service...
         Starting Snappy daemon...
[[0;32m  OK  [0m] Started iSCSI initiator daemon (iscsid).
[[0;32m  OK  [0m] Started /etc/rc.local Compatibility.
[[0;32m  OK  [0m] Started Login Service.
         Starting Login to default iSCSI targets...
[[0;32m  OK  [0m] Started LSB: Record successful boot for GRUB.
[[0;32m  OK  [0m] Started Login to default iSCSI targets.
[[0;32m  OK  [0m] Started System Logging Service.
[[0;32m  OK  [0m] Reached target Remote File Systems (Pre).
[[0;32m  OK  [0m] Reached target Remote File Systems.
         Starting Permit User Sessions...
         Starting LSB: daemon to balance interrupts for SMP systems...
         Starting LSB: Set the CPU Frequency Scaling governor to "ondemand"...
         Starting LSB: automatic crash report generation...
         Starting LSB: Start and stop the mysql database server daemon...
         Starting LSB: Apache2 web server...
[[0;32m  OK  [0m] Started LSB: MD monitoring daemon.
[[0;32m  OK  [0m] Started Permit User Sessions.
[[0;32m  OK  [0m] Started LSB: Set the CPU Frequency Scaling governor to "ondemand".
         Starting Terminate Plymouth Boot Screen...
         Starting Hold until boot process finishes up...
[[0;32m  OK  [0m] Started Virtualbox guest utils.
[[0;32m  OK  [0m] Started Terminate Plymouth Boot Screen.
[[0;32m  OK  [0m] Started Hold until boot process finishes up.
         Starting Set console scheme...
[[0;32m  OK  [0m] Started Getty on tty1.
[[0;32m  OK  [0m] Started Serial Getty on ttyS0.
[[0;32m  OK  [0m] Reached target Login Prompts.
[[0;32m  OK  [0m] Started LSB: daemon to balance interrupts for SMP systems.
[[0;32m  OK  [0m] Started LSB: automatic crash report generation.
[[0;32m  OK  [0m] Started Set console scheme.
[[0;32m  OK  [0m] Started OpenBSD Secure Shell server.
         Starting Authenticate and Authorize Users to Run Privileged Tasks...
[[0;32m  OK  [0m] Started Authenticate and Authorize Users to Run Privileged Tasks.
[[0;32m  OK  [0m] Started Accounts Service.
[[0;32m  OK  [0m] Started LXD - container startup/shutdown.
[[0;32m  OK  [0m] Started Snappy daemon.
         Starting Wait until snapd is fully seeded...
[[0;32m  OK  [0m] Started Wait unttl snapd is fully seeded.
         Starting Apply the settings specified in cloud-config...
[[0;32m  OK  [0m] Created slice User Slice of vagrant.
         Starting User Manager for UID 1000...
[[0;32m  OK  [0m] Started Session 1 of user vagrant.
[[0;32m  OK  [0m] Started User Manager for UID 1000.
[   45.362975] cloud-init[1482]: Cloud-init v. 18.3-9-g2e62cb8a-0ubuntu1~16.04.2 running 'modules:config' at Thu, 03 Jan 2019 09:12:39 +0000. Up 44.50 seconds.

Ubuntu 16.04.5 LTS kouosl ttyS0

kouosl login: [   53.927948] cloud-init[2155]: Cloud-init v. 18.3-9-g2e62cb8a-0ubuntu1~16.04.2 running 'modules:final' at Thu, 03 Jan 2019 09:12:48 +0000. Up 53.56 seconds.
[   53.930231] cloud-init[2155]: Cloud-init v. 18.3-9-g2e62cb8a-0ubuntu1~16.04.2 finished at Thu, 03 Jan 2019 09:12:48 +0000. Datasource DataSourceNoCloud [seed=/dev/sdb][dsmode=net].  Up 53.91 seconds
